stm32f407xx_spi_driver.c:28:6:SPI_PClkCtrl	16	static
stm32f407xx_spi_driver.c:76:6:SPI_Init	24	static
stm32f407xx_spi_driver.c:137:6:SPI_DeInit	16	static
stm32f407xx_spi_driver.c:153:9:FlagStatus	16	static
stm32f407xx_spi_driver.c:179:6:SPI_DataSend	24	static
stm32f407xx_spi_driver.c:223:6:SPI_DataReceive	24	static
stm32f407xx_spi_driver.c:257:9:SPI_DataSendByIntr	32	static
stm32f407xx_spi_driver.c:276:9:SPI_DataReceiveByIntr	32	static
stm32f407xx_spi_driver.c:310:6:SPI_IRQConfig	24	static
stm32f407xx_spi_driver.c:357:6:SPI_IRQPriorityConfig	24	static
stm32f407xx_spi_driver.c:378:6:SPI_IRQHandling	24	static
stm32f407xx_spi_driver.c:424:6:SPI_PCtrl	16	static
stm32f407xx_spi_driver.c:448:6:SPI_SSIConfig	16	static
stm32f407xx_spi_driver.c:472:6:SPI_SSOEConfig	16	static
stm32f407xx_spi_driver.c:487:13:spi_txe_interrupt_handle	16	static
stm32f407xx_spi_driver.c:521:13:spi_rxne_interrupt_handle	16	static
stm32f407xx_spi_driver.c:554:13:spi_ovr_err_interrupt_handle	24	static
stm32f407xx_spi_driver.c:573:6:SPI_CloseTransmission	16	static
stm32f407xx_spi_driver.c:583:6:SPI_CloseReception	16	static
stm32f407xx_spi_driver.c:593:6:ClearOVRFlag	24	static
stm32f407xx_spi_driver.c:605:28:SPI_ApplicationEventCallBack	16	static
